lifetime may not live long enough
tests/compile_fails/pair_not_covariant.rs
lifetime `'longer` defined here
lifetime `'shorter` defined here
type annotation requires that `'shorter` must outlive `'longer`
requirement occurs because of the type `Pair<Foo<'_>>`, which makes the generic argument `Foo<'_>` invariant
the struct `Pair<O>` is invariant over the parameter `O`
